#-----------------------------------------------------------
# Vivado v2016.4 (64-bit)
# SW Build 1756540 on Mon Jan 23 19:11:23 MST 2017
# IP Build 1755317 on Mon Jan 23 20:30:07 MST 2017
# Start of session at: Tue Feb 25 21:12:01 2020
# Process ID: 3420
# Current directory: C:/Users/carlo/Downloads/project_5_1
# Command line: vivado.exe -gui_launcher_event rodinguilauncherevent13776 C:\Users\carlo\Downloads\project_5_1\project_5_1.xpr
# Log file: C:/Users/carlo/Downloads/project_5_1/vivado.log
# Journal file: C:/Users/carlo/Downloads/project_5_1\vivado.jou
#-----------------------------------------------------------
start_gui
open_project C:/Users/carlo/Downloads/project_5_1/project_5_1.xpr
import_files -norecurse {C:/Users/carlo/Downloads/project_5_1/gcd_core.sv C:/Users/carlo/Downloads/project_5_1/fsm.sv C:/Users/carlo/Downloads/project_5_1/dp.sv}
update_compile_order -fileset sources_1
update_compile_order -fileset sources_1
reset_run mem_synth_1
reset_run synth_1
launch_runs synth_1 -jobs 4
wait_on_run synth_1
reset_run synth_1
launch_runs synth_1 -jobs 4
wait_on_run synth_1
reset_run synth_1
launch_runs synth_1 -jobs 4
wait_on_run synth_1
reset_run synth_1
launch_runs synth_1 -jobs 4
wait_on_run synth_1
reset_run synth_1
launch_runs synth_1 -jobs 4
wait_on_run synth_1
launch_simulation
launch_simulation
launch_simulation
reset_run synth_1
launch_runs synth_1 -jobs 4
wait_on_run synth_1
reset_run synth_1
launch_runs synth_1 -jobs 4
wait_on_run synth_1
launch_simulation
