#-----------------------------------------------------------
# Vivado v2016.4 (64-bit)
# SW Build 1756540 on Mon Jan 23 19:11:23 MST 2017
# IP Build 1755317 on Mon Jan 23 20:30:07 MST 2017
# Start of session at: Mon Mar 30 20:27:17 2020
# Process ID: 22376
# Current directory: C:/Users/carlo/OneDrive - University of Idaho/UofI_19-20/Spring_2020/ECE_440/lab_8/port3116-440-p8-attempt2/project_8_3
# Command line: vivado.exe -gui_launcher_event rodinguilauncherevent19964 C:\Users\carlo\OneDrive - University of Idaho\UofI_19-20\Spring_2020\ECE_440\lab_8\port3116-440-p8-attempt2\project_8_3\project_8_3.xpr
# Log file: C:/Users/carlo/OneDrive - University of Idaho/UofI_19-20/Spring_2020/ECE_440/lab_8/port3116-440-p8-attempt2/project_8_3/vivado.log
# Journal file: C:/Users/carlo/OneDrive - University of Idaho/UofI_19-20/Spring_2020/ECE_440/lab_8/port3116-440-p8-attempt2/project_8_3\vivado.jou
#-----------------------------------------------------------
start_gui
open_project {C:/Users/carlo/OneDrive - University of Idaho/UofI_19-20/Spring_2020/ECE_440/lab_8/port3116-440-p8-attempt2/project_8_3/project_8_3.xpr}
reset_run synth_1
launch_runs synth_1 -jobs 4
wait_on_run synth_1
reset_run synth_1
launch_runs synth_1 -jobs 4
wait_on_run synth_1
reset_run synth_1
launch_runs synth_1 -jobs 4
wait_on_run synth_1
reset_run synth_1
launch_runs synth_1 -jobs 4
wait_on_run synth_1
